.next/types/app/api/mcp/discover/route.ts(2,24): error TS2307: Cannot find module '../../../../../../src/app/api/mcp/discover/route.js' or its corresponding type declarations.
.next/types/app/api/mcp/discover/route.ts(5,29): error TS2307: Cannot find module '../../../../../../src/app/api/mcp/discover/route.js' or its corresponding type declarations.
.next/types/app/api/mcp/validate/route.ts(2,24): error TS2307: Cannot find module '../../../../../../src/app/api/mcp/validate/route.js' or its corresponding type declarations.
.next/types/app/api/mcp/validate/route.ts(5,29): error TS2307: Cannot find module '../../../../../../src/app/api/mcp/validate/route.js' or its corresponding type declarations.
packages/core/src/bridge.ts(66,23): error TS2339: Property 'payload' does not exist on type 'UnifiedQuery'.
  Property 'payload' does not exist on type '{ action: "READ"; context: string; filters?: Record<string, unknown> | undefined; }'.
packages/core/src/bridge.ts(164,7): error TS2353: Object literal may only specify known properties, and 'renderBelt' does not exist in type 'AgnosticUI'.
packages/core/src/bridge.ts(164,20): error TS7006: Parameter 'config' implicitly has an 'any' type.
scripts/indra-sync.ts(74,36): error TS7006: Parameter 's' implicitly has an 'any' type.
src/app/[...slug]/page.tsx(58,62): error TS2322: Type 'MutableRefObject<{ data: Record<string, DataItem[]>; }>' is not assignable to type '{ current: AppState & { ui: { overlay: OverlayConfig | null; }; }; }'.
  Types of property 'current' are incompatible.
    Type '{ data: Record<string, DataItem[]>; }' is not assignable to type 'AppState & { ui: { overlay: OverlayConfig | null; }; }'.
      Type '{ data: Record<string, DataItem[]>; }' is missing the following properties from type 'AppState': system, auth
src/app/[...slug]/page.tsx(82,64): error TS2339: Property 'type' does not exist on type 'DataItem'.
src/app/[...slug]/page.tsx(131,63): error TS2339: Property 'context' does not exist on type '{}'.
src/app/api/mcp/introspect/route.ts(45,26): error TS2339: Property 'name' does not exist on type 'DataItem[]'.
src/app/api/vault/route.ts(45,13): error TS2554: Expected 2-3 arguments, but got 1.
src/app/explorer/[entityKey]/page.tsx(4,10): error TS2305: Module '"@/context/AppContext"' has no exported member 'useAppContext'.
src/app/explorer/[entityKey]/page.tsx(7,15): error TS2305: Module '"@agnostic/core"' has no exported member 'IndraSchema'.
src/app/explorer/[entityKey]/page.tsx(15,44): error TS7006: Parameter 's' implicitly has an 'any' type.
src/app/explorer/layout.tsx(3,10): error TS2305: Module '"@/context/AppContext"' has no exported member 'useAppContext'.
src/app/explorer/layout.tsx(32,24): error TS7006: Parameter 'schema' implicitly has an 'any' type.
src/app/schema/page.tsx(16,30): error TS2322: Type '{ isFullScreen: boolean; }' is not assignable to type 'IntrinsicAttributes & { initialSection?: string | undefined; initialRouteId?: string | null | undefined; }'.
  Property 'isFullScreen' does not exist on type 'IntrinsicAttributes & { initialSection?: string | undefined; initialRouteId?: string | null | undefined; }'.
src/components/agnostic/blocks/AgnosticBelt.tsx(31,16): error TS18047: 'state' is possibly 'null'.
src/components/agnostic/blocks/AgnosticBelt.tsx(31,29): error TS2339: Property 'currentPath' does not exist on type '{ isLoading: boolean; error: any; }'.
src/components/agnostic/blocks/AgnosticBelt.tsx(50,30): error TS7006: Parameter 's' implicitly has an 'any' type.
src/components/agnostic/blocks/AgnosticBelt.tsx(50,33): error TS7006: Parameter 'i' implicitly has an 'any' type.
src/components/agnostic/blocks/AgnosticCollection.tsx(200,19): error TS18046: 'schema.name' is of type 'unknown'.
src/components/agnostic/blocks/AgnosticForm.tsx(78,3): error TS2339: Property 'activeRecord' does not exist on type 'AgnosticFormProps'.
src/components/agnostic/blocks/AgnosticLogicConsole.tsx(27,27): error TS2339: Property 'map' does not exist on type '{}'.
src/components/agnostic/designer/AgnosticConfigManager.tsx(67,13): error TS18047: 'state' is possibly 'null'.
src/components/agnostic/designer/AgnosticConfigManager.tsx(68,14): error TS18047: 'state' is possibly 'null'.
src/components/agnostic/designer/AgnosticConfigManager.tsx(69,13): error TS18047: 'state' is possibly 'null'.
src/components/agnostic/designer/AgnosticConfigManager.tsx(70,14): error TS18047: 'state' is possibly 'null'.
src/components/agnostic/designer/AgnosticConfigManager.tsx(78,33): error TS18047: 'state' is possibly 'null'.
src/components/agnostic/designer/AgnosticConfigManager.tsx(82,17): error TS18047: 'state' is possibly 'null'.
src/components/agnostic/designer/AgnosticConfigManager.tsx(83,18): error TS18047: 'state' is possibly 'null'.
src/components/agnostic/designer/AgnosticConfigManager.tsx(84,17): error TS18047: 'state' is possibly 'null'.
src/components/agnostic/designer/AgnosticConfigManager.tsx(85,18): error TS18047: 'state' is possibly 'null'.
src/components/agnostic/designer/AgnosticConfigManager.tsx(89,7): error TS18047: 'state' is possibly 'null'.
src/components/agnostic/designer/sections/DNASection.tsx(114,5): error TS2304: Cannot find name 'setIsExecuting'.
src/components/agnostic/designer/sections/DNASection.tsx(128,11): error TS2304: Cannot find name 'setDiscoveryResults'.
src/components/agnostic/designer/sections/DNASection.tsx(136,7): error TS2304: Cannot find name 'setIsExecuting'.
src/components/agnostic/designer/sections/DNASection.tsx(158,5): error TS2304: Cannot find name 'setDiscoveryResults'.
src/components/agnostic/designer/sections/DNASection.tsx(158,25): error TS7006: Parameter 'prev' implicitly has an 'any' type.
src/components/agnostic/designer/sections/DNASection.tsx(158,52): error TS7006: Parameter 's' implicitly has an 'any' type.
src/components/agnostic/designer/sections/DNASection.tsx(171,10): error TS2304: Cannot find name 'draftSchema'.
src/components/agnostic/designer/sections/DNASection.tsx(172,20): error TS2304: Cannot find name 'draftSchema'.
src/components/agnostic/designer/sections/DNASection.tsx(179,7): error TS2304: Cannot find name 'draftSchema'.
src/components/agnostic/designer/sections/DNASection.tsx(263,42): error TS2304: Cannot find name 'draftSchema'.
src/components/agnostic/designer/sections/DNASection.tsx(266,27): error TS2304: Cannot find name 'setDraftSchema'.
src/components/agnostic/designer/sections/DNASection.tsx(266,47): error TS2304: Cannot find name 'draftSchema'.
src/components/agnostic/designer/sections/DNASection.tsx(266,71): error TS2304: Cannot find name 'draftSchema'.
src/components/agnostic/designer/sections/DNASection.tsx(419,12): error TS2304: Cannot find name 'operations'.
src/components/agnostic/designer/sections/DNASection.tsx(423,27): error TS2304: Cannot find name 'isExecuting'.
src/components/agnostic/designer/sections/DNASection.tsx(428,16): error TS2304: Cannot find name 'isExecuting'.
src/components/agnostic/designer/sections/DNASection.tsx(481,8): error TS2304: Cannot find name 'discoveryResults'.
src/components/agnostic/designer/sections/DNASection.tsx(487,30): error TS2304: Cannot find name 'setDiscoveryResults'.
src/components/agnostic/designer/sections/DNASection.tsx(506,16): error TS2304: Cannot find name 'discoveryResults'.
src/components/agnostic/designer/sections/DNASection.tsx(520,20): error TS2304: Cannot find name 'discoveryResults'.
src/components/agnostic/designer/sections/DNASection.tsx(544,32): error TS2304: Cannot find name 'setDiscoveryResults'.
src/components/agnostic/designer/sections/VaultsSection.tsx(74,7): error TS1117: An object literal cannot have multiple properties with the same name.
src/components/agnostic/engine/AgnosticModuleLoader.tsx(129,9): error TS2322: Type '{ api: AgnosticAPI; config: any; configSchema: any; visibility_whitelist: any; }' is not assignable to type 'IntrinsicAttributes & Props'.
  Property 'api' does not exist on type 'IntrinsicAttributes & Props'.
src/components/agnostic/engine/AgnosticRenderer.tsx(62,62): error TS2322: Type 'MutableRefObject<{ data: Record<string, DataItem[]>; }>' is not assignable to type '{ current: AppState & { ui: { overlay: OverlayConfig | null; }; }; }'.
  Types of property 'current' are incompatible.
    Type '{ data: Record<string, DataItem[]>; }' is not assignable to type 'AppState & { ui: { overlay: OverlayConfig | null; }; }'.
      Type '{ data: Record<string, DataItem[]>; }' is missing the following properties from type 'AppState': system, auth
src/components/agnostic/engine/OverlayOrchestrator.tsx(95,24): error TS2339: Property 'description' does not exist on type 'UIOverlay'.
src/components/agnostic/engine/OverlayOrchestrator.tsx(95,55): error TS2339: Property 'onConfirm' does not exist on type 'UIOverlay'.
src/components/agnostic/engine/SovereigntyOrchestrator.tsx(41,18): error TS18047: 'state' is possibly 'null'.
src/components/agnostic/primitives/AgnosticGoogleLogin.tsx(14,21): error TS18047: 'state' is possibly 'null'.
src/components/DynamicModuleHost.tsx(4,10): error TS2305: Module '"@/context/AppContext"' has no exported member 'useAppContext'.
src/components/PageComposer.tsx(3,10): error TS2305: Module '"@/context/AppContext"' has no exported member 'useAppContext'.
src/context/AppContext.tsx(61,29): error TS2769: No overload matches this call.
  Overload 1 of 5, '(reducer: ReducerWithoutAction<any>, initializerArg: any, initializer?: undefined): [any, DispatchWithoutAction]', gave the following error.
    Argument of type '(state: ExtendedAppState, action: LocalAction) => ExtendedAppState' is not assignable to parameter of type 'ReducerWithoutAction<any>'.
      Target signature provides too few arguments. Expected 2 or more, but got 1.
  Overload 2 of 5, '(reducer: (state: ExtendedAppState, action: LocalAction) => ExtendedAppState, initialState: ExtendedAppState, initializer?: undefined): [...]', gave the following error.
    Object literal may only specify known properties, and 'status' does not exist in type '{ isLoading: boolean; error: any; }'.
src/context/AppContext.tsx(96,18): error TS2554: Expected 0 arguments, but got 1.
src/context/AppContext.tsx(132,45): error TS2554: Expected 0 arguments, but got 1.
src/context/AppContext.tsx(133,34): error TS2554: Expected 0 arguments, but got 1.
src/core/i18n/useTranslation.ts(10,19): error TS18047: 'state' is possibly 'null'.
src/lib/agnostic/Middleware.ts(95,62): error TS2304: Cannot find name 'DataItem'.
src/lib/agnostic/Middleware.ts(100,21): error TS2304: Cannot find name 'DataItem'.
src/lib/agnostic/Registry.ts(121,5): error TS2322: Type '({ id: string; context: string; data: { name: string; category: "system" | "core" | "layout" | "data" | "guest"; description?: string | undefined; icon?: string | undefined; settings_schema?: any; type: string; }; updated_at: string; } | { ...; })[]' is not assignable to type 'DataItem[]'.
  Type '{ id: string; context: string; data: { name: string; category: "system" | "core" | "layout" | "data" | "guest"; description?: string | undefined; icon?: string | undefined; settings_schema?: any; type: string; }; updated_at: string; } | { ...; }' is not assignable to type 'DataItem'.
    Type '{ id: string; context: string; data: SystemOperation; updated_at: string; }' is not assignable to type 'DataItem'.
      Types of property 'data' are incompatible.
        Type 'SystemOperation' is not assignable to type 'Record<string, unknown>'.
          Index signature for type 'string' is missing in type 'SystemOperation'.
src/server/strategies/HybridStrategy.ts(23,15): error TS7053: Element implicitly has an 'any' type because expression of type 'string' can't be used to index type 'Record<string, DataItem[]> | {}'.
  No index signature with a parameter of type 'string' was found on type 'Record<string, DataItem[]> | {}'.
src/server/strategies/HybridStrategy.ts(23,55): error TS7053: Element implicitly has an 'any' type because expression of type 'string' can't be used to index type 'Record<string, DataItem[]> | {}'.
  No index signature with a parameter of type 'string' was found on type 'Record<string, DataItem[]> | {}'.
